<?xml version="1.0" encoding="utf-8"?><testsuites><testsuite name="pytest" errors="0" failures="0" skipped="0" tests="43" time="0.665" timestamp="2026-04-05T23:36:33.835465" hostname="Karims-MacBook-Pro.local"><testcase classname="tests.integration.test_cart_api.TestCart" name="test_ajout_produit_au_panier" time="0.057" /><testcase classname="tests.integration.test_cart_api.TestCart" name="test_sous_total_calcule" time="0.014" /><testcase classname="tests.integration.test_cart_api.TestCart" name="test_ajout_stock_insuffisant_400" time="0.008" /><testcase classname="tests.integration.test_cart_api.TestCart" name="test_ajout_meme_produit_incremente_quantite" time="0.016" /><testcase classname="tests.integration.test_cart_api.TestCart" name="test_vider_panier" time="0.014" /><testcase classname="tests.integration.test_creation.TestCreateProduct" name="test_creation_valide" time="0.006" /><testcase classname="tests.integration.test_creation.TestCreateProduct" name="test_creation_prix_negatif_422" time="0.008" /><testcase classname="tests.integration.test_creation.TestCreateProduct" name="test_creation_nom_vide_422" time="0.005" /><testcase classname="tests.integration.test_creation.TestCreateProduct" name="test_creation_stock_negatif_422" time="0.005" /><testcase classname="tests.integration.test_creation.TestCreateProduct" name="test_active_true_par_defaut" time="0.007" /><testcase classname="tests.integration.test_creation.TestUpdateDeleteProduct" name="test_mise_a_jour_prix" time="0.009" /><testcase classname="tests.integration.test_creation.TestUpdateDeleteProduct" name="test_mise_a_jour_stock" time="0.010" /><testcase classname="tests.integration.test_creation.TestUpdateDeleteProduct" name="test_suppression_soft_delete" time="0.011" /><testcase classname="tests.integration.test_creation.TestUpdateDeleteProduct" name="test_filtre_prix_min_max" time="0.012" /><testcase classname="tests.integration.test_health.TestHealth" name="test_health_ok" time="0.006" /><testcase classname="tests.integration.test_health.TestHealth" name="test_root_accessible" time="0.005" /><testcase classname="tests.integration.test_health.TestHealth" name="test_docs_swagger_accessible" time="0.004" /><testcase classname="tests.integration.test_health.TestHealth" name="test_openapi_json_accessible" time="0.014" /><testcase classname="tests.integration.test_orders.TestOrders" name="test_creation_commande_valide" time="0.018" /><testcase classname="tests.integration.test_orders.TestOrders" name="test_total_ttc_correct" time="0.017" /><testcase classname="tests.integration.test_orders.TestOrders" name="test_commande_decremente_stock" time="0.018" /><testcase classname="tests.integration.test_orders.TestOrders" name="test_commande_vide_le_panier" time="0.017" /><testcase classname="tests.integration.test_orders.TestOrders" name="test_panier_vide_retourne_400" time="0.007" /><testcase classname="tests.integration.test_orders.TestOrders" name="test_commande_avec_coupon" time="0.019" /><testcase classname="tests.integration.test_orders.TestOrders" name="test_statut_pending_vers_confirmed" time="0.021" /><testcase classname="tests.integration.test_orders.TestOrders" name="test_transition_invalide_400" time="0.018" /><testcase classname="tests.integration.test_orders.TestOrders" name="test_coupon_inexistant_retourne_404" time="0.013" /><testcase classname="tests.integration.test_orders.TestOrders" name="test_get_commande_par_id" time="0.018" /><testcase classname="tests.integration.test_products_api.TestListProducts" name="test_liste_vide_au_demarrage" time="0.006" /><testcase classname="tests.integration.test_products_api.TestListProducts" name="test_produit_cree_apparait_dans_liste" time="0.010" /><testcase classname="tests.integration.test_products_api.TestListProducts" name="test_filtre_par_categorie" time="0.010" /><testcase classname="tests.integration.test_products_api.TestListProducts" name="test_pagination_limit" time="0.021" /><testcase classname="tests.integration.test_products_api.TestListProducts" name="test_pagination_skip" time="0.006" /><testcase classname="tests.integration.test_products_api.TestGetProduct" name="test_get_produit_existant" time="0.008" /><testcase classname="tests.integration.test_products_api" name="test_get_produit_inexistant_retourne_404" time="0.006" /><testcase classname="tests.integration.test_products_api" name="test_schema_complet" time="0.008" /><testcase classname="tests.integration.test_products_avec_faker.TestProductsAvecFaker" name="test_creation_donnees_faker" time="0.007" /><testcase classname="tests.integration.test_products_avec_faker.TestProductsAvecFaker" name="test_liste_avec_multiple_produits" time="0.036" /><testcase classname="tests.integration.test_products_avec_faker.TestProductsAvecFaker" name="test_validation_prix[0.0-True]" time="0.005" /><testcase classname="tests.integration.test_products_avec_faker.TestProductsAvecFaker" name="test_validation_prix[-1.0-True]" time="0.005" /><testcase classname="tests.integration.test_products_avec_faker.TestProductsAvecFaker" name="test_validation_prix[0.01-False]" time="0.007" /><testcase classname="tests.integration.test_products_avec_faker.TestProductsAvecFaker" name="test_validation_prix[9999.99-False]" time="0.007" /><testcase classname="tests.integration.test_products_avec_faker.TestProductsAvecFaker" name="test_noms_longs" time="0.008" /></testsuite></testsuites>